Microsoft Windows [Version 10.0.19044.2486]
(c) Microsoft Corporation. All rights reserved.

C:\Users\dell>java -version
java version "9"
Java(TM) SE Runtime Environment (build 9+181)
Java HotSpot(TM) 64-Bit Server VM (build 9+181, mixed mode)

C:\Users\dell>shell
'shell' is not recognized as an internal or external command,
operable program or batch file.

C:\Users\dell>jshell
|  Welcome to JShell -- Version 15.0.1
|  For an introduction type: /help intro

jshell> System.out.println("hii")
hii

jshell> int x=10
x ==> 10

jshell> 20
$3 ==> 20

jshell> 45
$4 ==> 45

jshell> 89890
$5 ==> 89890

//specials commands in java 9


jshell> /help
|  Type a Java language expression, statement, or declaration.
|  Or type one of the following commands:
|  /list [<name or id>|-all|-start]
|       list the source you have typed
|  /edit <name or id>
|       edit a source entry
|  /drop <name or id>
|       delete a source entry
|  /save [-all|-history|-start] <file>
|       Save snippet source to a file
|  /open <file>
|       open a file as source input
|  /vars [<name or id>|-all|-start]
|       list the declared variables and their values
|  /methods [<name or id>|-all|-start]
|       list the declared methods and their signatures
|  /types [<name or id>|-all|-start]
|       list the type declarations
|  /imports
|       list the imported items
|  /exit [<integer-expression-snippet>]
|       exit the jshell tool
|  /env [-class-path <path>] [-module-path <path>] [-add-modules <modules>] ...
|       view or change the evaluation context
|  /reset [-class-path <path>] [-module-path <path>] [-add-modules <modules>]...
|       reset the jshell tool
|  /reload [-restore] [-quiet] [-class-path <path>] [-module-path <path>]...
|       reset and replay relevant history -- current or previous (-restore)
|  /history [-all]
|       history of what you have typed
|  /help [<command>|<subject>]
|       get information about using the jshell tool
|  /set editor|start|feedback|mode|prompt|truncation|format ...
|       set configuration information
|  /? [<command>|<subject>]
|       get information about using the jshell tool
|  /!
|       rerun last snippet -- see /help rerun
|  /<id>
|       rerun snippets by ID or ID range -- see /help rerun
|  /-<n>
|       rerun n-th previous snippet -- see /help rerun
|
|  For more information type '/help' followed by the name of a
|  command or a subject.
|  For example '/help /list' or '/help intro'.
|
|  Subjects:
|
|  intro
|       an introduction to the jshell tool
|  keys
|       a description of readline-like input editing
|  id
|       a description of snippet IDs and how use them
|  shortcuts
|       a description of keystrokes for snippet and command completion,
|       information access, and automatic code generation
|  context
|       a description of the evaluation context options for /env /reload and /reset
|  rerun
|       a description of ways to re-evaluate previously entered snippets

jshell> /help /list
|
|                                   /list
|                                   =====
|
|  Show the snippets, prefaced with their snippet IDs.
|
|  /list
|       List the currently active snippets of code that you typed or read with /open
|
|  /list -start
|       List the evaluated startup snippets
|
|  /list -all
|       List all snippets including failed, overwritten, dropped, and startup
|
|  /list <name>
|       List snippets with the specified name (preference for active snippets)
|
|  /list <id>
|       List the snippet with the specified snippet ID.
|       One or more IDs or ID ranges may used, see '/help id'

jshell> /exit
|  Goodbye

C:\Users\dell>jshell
|  Welcome to JShell -- Version 15.0.1
|  For an introduction type: /help intro

jshell> /set feedback
|  /set feedback normal
|
|  Available feedback modes:
|     concise
|     normal
|     silent
|     verbose

jshell> set feedback verbose
|  Error:
|  ';' expected
|  set feedback verbose;
|              ^

jshell> set feedback verbose
|  Error:
|  ';' expected
|  set feedback verbose;
|              ^

jshell> set feedback verbose;
|  Error:
|  ';' expected
|  set feedback verbose;
|              ^

jshell> /list

jshell> /set feedback
|  /set feedback normal
|
|  Available feedback modes:
|     concise
|     normal
|     silent
|     verbose

jshell> /set feedback verbose
|  Feedback mode: verbose

jshell> /list

jshell> /reset
|  Resetting state.

jshell> int x=20;
x ==> 20
|  created variable x : int

jshell> class A{
   ...> }
|  created class A

jshell> double d=39.9;
d ==> 39.9
|  created variable d : double

jshell> /list

   1 : int x=20;
   2 : class A{
       }
   3 : double d=39.9;

jshell> /edit
x ==> 30
|  modified variable x : int
|    update overwrote variable x : int

jshell> /list

   2 : class A{
       }
   3 : double d=39.9;
   4 : int x=30;

jshell> /drop 4
|  dropped variable x

jshell> /list

   2 : class A{
       }
   3 : double d=39.9;

jshell> /vars
|    double d = 39.9

jshell> public void amit(){
   ...> }
|  created method amit()

jshell> /methods
|    void amit()

jshell> public class B{
   ...> }
|  created class B

jshell> public interface I{
   ...> }
|  created interface I

jshell> /types
|    class A
|    class B
|    interface I

jshell> /imports
|    import java.io.*
|    import java.math.*
|    import java.net.*
|    import java.nio.file.*
|    import java.util.*
|    import java.util.concurrent.*
|    import java.util.function.*
|    import java.util.prefs.*
|    import java.util.regex.*
|    import java.util.stream.*

jshell> /history

/set feedback
set feedback verbose
set feedback verbose;
/list
/set feedback
/set feedback verbose
/list
/reset
int x=20;
class A{
}
double d=39.9;
/list
/edit
/list
/drop 4
/list
/vars
public void amit(){
}
/methods
public class B{
}
public interface I{
}
/types
/imports
/history

jshell> /!
public interface I{
}
|  modified interface I
|    update overwrote interface I

jshell>







